TriggerCell::energy =86, TriggerCell::channel = 0
TriggerCell::energy =64, TriggerCell::channel = 1
TriggerCell::energy =87, TriggerCell::channel = 2
TriggerCell::energy =60, TriggerCell::channel = 3
TriggerCell::energy =86, TriggerCell::channel = 4
TriggerCell::energy =64, TriggerCell::channel = 5
TriggerCell::energy =58, TriggerCell::channel = 6
TriggerCell::energy =60, TriggerCell::channel = 7
TriggerCell::energy =62, TriggerCell::channel = 8
TriggerCell::energy =87, TriggerCell::channel = 9
TriggerCell::energy =65, TriggerCell::channel = 10
TriggerCell::energy =86, TriggerCell::channel = 11
TriggerCell::energy =73, TriggerCell::channel = 12
TriggerCell::energy =88, TriggerCell::channel = 13
TriggerCell::energy =63, TriggerCell::channel = 14
TriggerCell::energy =60, TriggerCell::channel = 15
TriggerCell::energy =85, TriggerCell::channel = 16
TriggerCell::energy =59, TriggerCell::channel = 17
TriggerCell::energy =86, TriggerCell::channel = 18
TriggerCell::energy =60, TriggerCell::channel = 19
TriggerCell::energy =85, TriggerCell::channel = 20
TriggerCell::energy =58, TriggerCell::channel = 21
TriggerCell::energy =59, TriggerCell::channel = 22
TriggerCell::energy =56, TriggerCell::channel = 23
TriggerCell::energy =65, TriggerCell::channel = 24
TriggerCell::energy =86, TriggerCell::channel = 25
TriggerCell::energy =63, TriggerCell::channel = 26
TriggerCell::energy =86, TriggerCell::channel = 27
TriggerCell::energy =61, TriggerCell::channel = 28
TriggerCell::energy =85, TriggerCell::channel = 29
TriggerCell::energy =61, TriggerCell::channel = 30
TriggerCell::energy =62, TriggerCell::channel = 31
TriggerCell::energy =87, TriggerCell::channel = 32
TriggerCell::energy =64, TriggerCell::channel = 33
TriggerCell::energy =87, TriggerCell::channel = 34
TriggerCell::energy =64, TriggerCell::channel = 35
TriggerCell::energy =85, TriggerCell::channel = 36
TriggerCell::energy =62, TriggerCell::channel = 37
TriggerCell::energy =63, TriggerCell::channel = 38
TriggerCell::energy =64, TriggerCell::channel = 39
TriggerCell::energy =63, TriggerCell::channel = 40
TriggerCell::energy =85, TriggerCell::channel = 41
TriggerCell::energy =62, TriggerCell::channel = 42
TriggerCell::energy =86, TriggerCell::channel = 43
TriggerCell::energy =62, TriggerCell::channel = 44
TriggerCell::energy =85, TriggerCell::channel = 45
TriggerCell::energy =62, TriggerCell::channel = 46
TriggerCell::energy =60, TriggerCell::channel = 47
TriggerCell::energy =0, TriggerCell::channel = 48
N : 49, t: 6, p : 32
	 before i : 0, p: 32, r: 0, ip: 0
	 after i : 0, p: 32, r: 0
	 before i : 1, p: 32, r: 0, ip: 0
	 after i : 1, p: 32, r: 0
	 before i : 2, p: 32, r: 0, ip: 0
	 after i : 2, p: 32, r: 0
	 before i : 3, p: 32, r: 0, ip: 0
	 after i : 3, p: 32, r: 0
	 before i : 4, p: 32, r: 0, ip: 0
	 after i : 4, p: 32, r: 0
	 before i : 5, p: 32, r: 0, ip: 0
	 after i : 5, p: 32, r: 0
	 before i : 6, p: 32, r: 0, ip: 0
	 after i : 6, p: 32, r: 0
	 before i : 7, p: 32, r: 0, ip: 0
	 after i : 7, p: 32, r: 0
	 before i : 8, p: 32, r: 0, ip: 0
	 after i : 8, p: 32, r: 0
	 before i : 9, p: 32, r: 0, ip: 0
	 after i : 9, p: 32, r: 0
	 before i : 10, p: 32, r: 0, ip: 0
	 after i : 10, p: 32, r: 0
	 before i : 11, p: 32, r: 0, ip: 0
	 after i : 11, p: 32, r: 0
	 before i : 12, p: 32, r: 0, ip: 0
	 after i : 12, p: 32, r: 0
	 before i : 13, p: 32, r: 0, ip: 0
	 after i : 13, p: 32, r: 0
	 before i : 14, p: 32, r: 0, ip: 0
	 after i : 14, p: 32, r: 0
	 before i : 15, p: 32, r: 0, ip: 0
	 after i : 15, p: 32, r: 0
	 before i : 16, p: 32, r: 0, ip: 0
	 after i : 16, p: 32, r: 0
    d : 0, q: 16, r: 32
  q : 16, r: 32, d: 0, p : 16
	 before i : 0, p: 16, r: 0, ip: 0
	 after i : 0, p: 16, r: 0
	 before i : 1, p: 16, r: 0, ip: 0
	 after i : 1, p: 16, r: 0
	 before i : 2, p: 16, r: 0, ip: 0
	 after i : 2, p: 16, r: 0
	 before i : 3, p: 16, r: 0, ip: 0
	 after i : 3, p: 16, r: 0
	 before i : 4, p: 16, r: 0, ip: 0
	 after i : 4, p: 16, r: 0
	 before i : 5, p: 16, r: 0, ip: 0
	 after i : 5, p: 16, r: 0
	 before i : 6, p: 16, r: 0, ip: 0
	 after i : 6, p: 16, r: 0
	 before i : 7, p: 16, r: 0, ip: 0
	 after i : 7, p: 16, r: 0
	 before i : 8, p: 16, r: 0, ip: 0
	 after i : 8, p: 16, r: 0
	 before i : 9, p: 16, r: 0, ip: 0
	 after i : 9, p: 16, r: 0
	 before i : 10, p: 16, r: 0, ip: 0
	 after i : 10, p: 16, r: 0
	 before i : 11, p: 16, r: 0, ip: 0
	 after i : 11, p: 16, r: 0
	 before i : 12, p: 16, r: 0, ip: 0
	 after i : 12, p: 16, r: 0
	 before i : 13, p: 16, r: 0, ip: 0
	 after i : 13, p: 16, r: 0
	 before i : 14, p: 16, r: 0, ip: 0
	 after i : 14, p: 16, r: 0
	 before i : 15, p: 16, r: 0, ip: 0
	 after i : 15, p: 16, r: 0
	 before i : 16, p: 16, r: 0, ip: 16
	 before i : 17, p: 16, r: 0, ip: 16
	 before i : 18, p: 16, r: 0, ip: 16
	 before i : 19, p: 16, r: 0, ip: 16
	 before i : 20, p: 16, r: 0, ip: 16
	 before i : 21, p: 16, r: 0, ip: 16
	 before i : 22, p: 16, r: 0, ip: 16
	 before i : 23, p: 16, r: 0, ip: 16
	 before i : 24, p: 16, r: 0, ip: 16
	 before i : 25, p: 16, r: 0, ip: 16
	 before i : 26, p: 16, r: 0, ip: 16
	 before i : 27, p: 16, r: 0, ip: 16
	 before i : 28, p: 16, r: 0, ip: 16
	 before i : 29, p: 16, r: 0, ip: 16
	 before i : 30, p: 16, r: 0, ip: 16
	 before i : 31, p: 16, r: 0, ip: 16
	 before i : 32, p: 16, r: 0, ip: 0
	 after i : 32, p: 16, r: 0
    d : 16, q: 16, r: 16
	 before i : 0, p: 16, r: 16, ip: 0
	 before i : 1, p: 16, r: 16, ip: 0
	 before i : 2, p: 16, r: 16, ip: 0
	 before i : 3, p: 16, r: 16, ip: 0
	 before i : 4, p: 16, r: 16, ip: 0
	 before i : 5, p: 16, r: 16, ip: 0
	 before i : 6, p: 16, r: 16, ip: 0
	 before i : 7, p: 16, r: 16, ip: 0
	 before i : 8, p: 16, r: 16, ip: 0
	 before i : 9, p: 16, r: 16, ip: 0
	 before i : 10, p: 16, r: 16, ip: 0
	 before i : 11, p: 16, r: 16, ip: 0
	 before i : 12, p: 16, r: 16, ip: 0
	 before i : 13, p: 16, r: 16, ip: 0
	 before i : 14, p: 16, r: 16, ip: 0
	 before i : 15, p: 16, r: 16, ip: 0
	 before i : 16, p: 16, r: 16, ip: 16
	 after i : 16, p: 16, r: 16
	 before i : 17, p: 16, r: 16, ip: 16
	 after i : 17, p: 16, r: 16
	 before i : 18, p: 16, r: 16, ip: 16
	 after i : 18, p: 16, r: 16
	 before i : 19, p: 16, r: 16, ip: 16
	 after i : 19, p: 16, r: 16
	 before i : 20, p: 16, r: 16, ip: 16
	 after i : 20, p: 16, r: 16
	 before i : 21, p: 16, r: 16, ip: 16
	 after i : 21, p: 16, r: 16
	 before i : 22, p: 16, r: 16, ip: 16
	 after i : 22, p: 16, r: 16
	 before i : 23, p: 16, r: 16, ip: 16
	 after i : 23, p: 16, r: 16
	 before i : 24, p: 16, r: 16, ip: 16
	 after i : 24, p: 16, r: 16
	 before i : 25, p: 16, r: 16, ip: 16
	 after i : 25, p: 16, r: 16
	 before i : 26, p: 16, r: 16, ip: 16
	 after i : 26, p: 16, r: 16
	 before i : 27, p: 16, r: 16, ip: 16
	 after i : 27, p: 16, r: 16
	 before i : 28, p: 16, r: 16, ip: 16
	 after i : 28, p: 16, r: 16
	 before i : 29, p: 16, r: 16, ip: 16
	 after i : 29, p: 16, r: 16
	 before i : 30, p: 16, r: 16, ip: 16
	 after i : 30, p: 16, r: 16
	 before i : 31, p: 16, r: 16, ip: 16
	 after i : 31, p: 16, r: 16
	 before i : 32, p: 16, r: 16, ip: 0
    d : 0, q: 8, r: 16
  q : 8, r: 16, d: 0, p : 8
	 before i : 0, p: 8, r: 0, ip: 0
	 after i : 0, p: 8, r: 0
	 before i : 1, p: 8, r: 0, ip: 0
	 after i : 1, p: 8, r: 0
	 before i : 2, p: 8, r: 0, ip: 0
	 after i : 2, p: 8, r: 0
	 before i : 3, p: 8, r: 0, ip: 0
	 after i : 3, p: 8, r: 0
	 before i : 4, p: 8, r: 0, ip: 0
	 after i : 4, p: 8, r: 0
	 before i : 5, p: 8, r: 0, ip: 0
	 after i : 5, p: 8, r: 0
	 before i : 6, p: 8, r: 0, ip: 0
	 after i : 6, p: 8, r: 0
	 before i : 7, p: 8, r: 0, ip: 0
	 after i : 7, p: 8, r: 0
	 before i : 8, p: 8, r: 0, ip: 8
	 before i : 9, p: 8, r: 0, ip: 8
	 before i : 10, p: 8, r: 0, ip: 8
	 before i : 11, p: 8, r: 0, ip: 8
	 before i : 12, p: 8, r: 0, ip: 8
	 before i : 13, p: 8, r: 0, ip: 8
	 before i : 14, p: 8, r: 0, ip: 8
	 before i : 15, p: 8, r: 0, ip: 8
	 before i : 16, p: 8, r: 0, ip: 0
	 after i : 16, p: 8, r: 0
	 before i : 17, p: 8, r: 0, ip: 0
	 after i : 17, p: 8, r: 0
	 before i : 18, p: 8, r: 0, ip: 0
	 after i : 18, p: 8, r: 0
	 before i : 19, p: 8, r: 0, ip: 0
	 after i : 19, p: 8, r: 0
	 before i : 20, p: 8, r: 0, ip: 0
	 after i : 20, p: 8, r: 0
	 before i : 21, p: 8, r: 0, ip: 0
	 after i : 21, p: 8, r: 0
	 before i : 22, p: 8, r: 0, ip: 0
	 after i : 22, p: 8, r: 0
	 before i : 23, p: 8, r: 0, ip: 0
	 after i : 23, p: 8, r: 0
	 before i : 24, p: 8, r: 0, ip: 8
	 before i : 25, p: 8, r: 0, ip: 8
	 before i : 26, p: 8, r: 0, ip: 8
	 before i : 27, p: 8, r: 0, ip: 8
	 before i : 28, p: 8, r: 0, ip: 8
	 before i : 29, p: 8, r: 0, ip: 8
	 before i : 30, p: 8, r: 0, ip: 8
	 before i : 31, p: 8, r: 0, ip: 8
	 before i : 32, p: 8, r: 0, ip: 0
	 after i : 32, p: 8, r: 0
	 before i : 33, p: 8, r: 0, ip: 0
	 after i : 33, p: 8, r: 0
	 before i : 34, p: 8, r: 0, ip: 0
	 after i : 34, p: 8, r: 0
	 before i : 35, p: 8, r: 0, ip: 0
	 after i : 35, p: 8, r: 0
	 before i : 36, p: 8, r: 0, ip: 0
	 after i : 36, p: 8, r: 0
	 before i : 37, p: 8, r: 0, ip: 0
	 after i : 37, p: 8, r: 0
	 before i : 38, p: 8, r: 0, ip: 0
	 after i : 38, p: 8, r: 0
	 before i : 39, p: 8, r: 0, ip: 0
	 after i : 39, p: 8, r: 0
	 before i : 40, p: 8, r: 0, ip: 8
    d : 24, q: 16, r: 8
	 before i : 0, p: 8, r: 8, ip: 0
	 before i : 1, p: 8, r: 8, ip: 0
	 before i : 2, p: 8, r: 8, ip: 0
	 before i : 3, p: 8, r: 8, ip: 0
	 before i : 4, p: 8, r: 8, ip: 0
	 before i : 5, p: 8, r: 8, ip: 0
	 before i : 6, p: 8, r: 8, ip: 0
	 before i : 7, p: 8, r: 8, ip: 0
	 before i : 8, p: 8, r: 8, ip: 8
	 after i : 8, p: 8, r: 8
	 before i : 9, p: 8, r: 8, ip: 8
	 after i : 9, p: 8, r: 8
	 before i : 10, p: 8, r: 8, ip: 8
	 after i : 10, p: 8, r: 8
	 before i : 11, p: 8, r: 8, ip: 8
	 after i : 11, p: 8, r: 8
	 before i : 12, p: 8, r: 8, ip: 8
	 after i : 12, p: 8, r: 8
	 before i : 13, p: 8, r: 8, ip: 8
	 after i : 13, p: 8, r: 8
	 before i : 14, p: 8, r: 8, ip: 8
	 after i : 14, p: 8, r: 8
	 before i : 15, p: 8, r: 8, ip: 8
	 after i : 15, p: 8, r: 8
	 before i : 16, p: 8, r: 8, ip: 0
	 before i : 17, p: 8, r: 8, ip: 0
	 before i : 18, p: 8, r: 8, ip: 0
	 before i : 19, p: 8, r: 8, ip: 0
	 before i : 20, p: 8, r: 8, ip: 0
	 before i : 21, p: 8, r: 8, ip: 0
	 before i : 22, p: 8, r: 8, ip: 0
	 before i : 23, p: 8, r: 8, ip: 0
	 before i : 24, p: 8, r: 8, ip: 8
	 after i : 24, p: 8, r: 8
    d : 8, q: 8, r: 8
	 before i : 0, p: 8, r: 8, ip: 0
	 before i : 1, p: 8, r: 8, ip: 0
	 before i : 2, p: 8, r: 8, ip: 0
	 before i : 3, p: 8, r: 8, ip: 0
	 before i : 4, p: 8, r: 8, ip: 0
	 before i : 5, p: 8, r: 8, ip: 0
	 before i : 6, p: 8, r: 8, ip: 0
	 before i : 7, p: 8, r: 8, ip: 0
	 before i : 8, p: 8, r: 8, ip: 8
	 after i : 8, p: 8, r: 8
	 before i : 9, p: 8, r: 8, ip: 8
	 after i : 9, p: 8, r: 8
	 before i : 10, p: 8, r: 8, ip: 8
	 after i : 10, p: 8, r: 8
	 before i : 11, p: 8, r: 8, ip: 8
	 after i : 11, p: 8, r: 8
	 before i : 12, p: 8, r: 8, ip: 8
	 after i : 12, p: 8, r: 8
	 before i : 13, p: 8, r: 8, ip: 8
	 after i : 13, p: 8, r: 8
	 before i : 14, p: 8, r: 8, ip: 8
	 after i : 14, p: 8, r: 8
	 before i : 15, p: 8, r: 8, ip: 8
	 after i : 15, p: 8, r: 8
	 before i : 16, p: 8, r: 8, ip: 0
	 before i : 17, p: 8, r: 8, ip: 0
	 before i : 18, p: 8, r: 8, ip: 0
	 before i : 19, p: 8, r: 8, ip: 0
	 before i : 20, p: 8, r: 8, ip: 0
	 before i : 21, p: 8, r: 8, ip: 0
	 before i : 22, p: 8, r: 8, ip: 0
	 before i : 23, p: 8, r: 8, ip: 0
	 before i : 24, p: 8, r: 8, ip: 8
	 after i : 24, p: 8, r: 8
	 before i : 25, p: 8, r: 8, ip: 8
	 after i : 25, p: 8, r: 8
	 before i : 26, p: 8, r: 8, ip: 8
	 after i : 26, p: 8, r: 8
	 before i : 27, p: 8, r: 8, ip: 8
	 after i : 27, p: 8, r: 8
	 before i : 28, p: 8, r: 8, ip: 8
	 after i : 28, p: 8, r: 8
	 before i : 29, p: 8, r: 8, ip: 8
	 after i : 29, p: 8, r: 8
	 before i : 30, p: 8, r: 8, ip: 8
	 after i : 30, p: 8, r: 8
	 before i : 31, p: 8, r: 8, ip: 8
	 after i : 31, p: 8, r: 8
	 before i : 32, p: 8, r: 8, ip: 0
	 before i : 33, p: 8, r: 8, ip: 0
	 before i : 34, p: 8, r: 8, ip: 0
	 before i : 35, p: 8, r: 8, ip: 0
	 before i : 36, p: 8, r: 8, ip: 0
	 before i : 37, p: 8, r: 8, ip: 0
	 before i : 38, p: 8, r: 8, ip: 0
	 before i : 39, p: 8, r: 8, ip: 0
	 before i : 40, p: 8, r: 8, ip: 8
	 after i : 40, p: 8, r: 8
    d : 0, q: 4, r: 8
  q : 4, r: 8, d: 0, p : 4
	 before i : 0, p: 4, r: 0, ip: 0
	 after i : 0, p: 4, r: 0
	 before i : 1, p: 4, r: 0, ip: 0
	 after i : 1, p: 4, r: 0
	 before i : 2, p: 4, r: 0, ip: 0
	 after i : 2, p: 4, r: 0
	 before i : 3, p: 4, r: 0, ip: 0
	 after i : 3, p: 4, r: 0
	 before i : 4, p: 4, r: 0, ip: 4
	 before i : 5, p: 4, r: 0, ip: 4
	 before i : 6, p: 4, r: 0, ip: 4
	 before i : 7, p: 4, r: 0, ip: 4
	 before i : 8, p: 4, r: 0, ip: 0
	 after i : 8, p: 4, r: 0
	 before i : 9, p: 4, r: 0, ip: 0
	 after i : 9, p: 4, r: 0
	 before i : 10, p: 4, r: 0, ip: 0
	 after i : 10, p: 4, r: 0
	 before i : 11, p: 4, r: 0, ip: 0
	 after i : 11, p: 4, r: 0
	 before i : 12, p: 4, r: 0, ip: 4
	 before i : 13, p: 4, r: 0, ip: 4
	 before i : 14, p: 4, r: 0, ip: 4
	 before i : 15, p: 4, r: 0, ip: 4
	 before i : 16, p: 4, r: 0, ip: 0
	 after i : 16, p: 4, r: 0
	 before i : 17, p: 4, r: 0, ip: 0
	 after i : 17, p: 4, r: 0
	 before i : 18, p: 4, r: 0, ip: 0
	 after i : 18, p: 4, r: 0
	 before i : 19, p: 4, r: 0, ip: 0
	 after i : 19, p: 4, r: 0
	 before i : 20, p: 4, r: 0, ip: 4
	 before i : 21, p: 4, r: 0, ip: 4
	 before i : 22, p: 4, r: 0, ip: 4
	 before i : 23, p: 4, r: 0, ip: 4
	 before i : 24, p: 4, r: 0, ip: 0
	 after i : 24, p: 4, r: 0
	 before i : 25, p: 4, r: 0, ip: 0
	 after i : 25, p: 4, r: 0
	 before i : 26, p: 4, r: 0, ip: 0
	 after i : 26, p: 4, r: 0
	 before i : 27, p: 4, r: 0, ip: 0
	 after i : 27, p: 4, r: 0
	 before i : 28, p: 4, r: 0, ip: 4
	 before i : 29, p: 4, r: 0, ip: 4
	 before i : 30, p: 4, r: 0, ip: 4
	 before i : 31, p: 4, r: 0, ip: 4
	 before i : 32, p: 4, r: 0, ip: 0
	 after i : 32, p: 4, r: 0
	 before i : 33, p: 4, r: 0, ip: 0
	 after i : 33, p: 4, r: 0
	 before i : 34, p: 4, r: 0, ip: 0
	 after i : 34, p: 4, r: 0
	 before i : 35, p: 4, r: 0, ip: 0
	 after i : 35, p: 4, r: 0
	 before i : 36, p: 4, r: 0, ip: 4
	 before i : 37, p: 4, r: 0, ip: 4
	 before i : 38, p: 4, r: 0, ip: 4
	 before i : 39, p: 4, r: 0, ip: 4
	 before i : 40, p: 4, r: 0, ip: 0
	 after i : 40, p: 4, r: 0
	 before i : 41, p: 4, r: 0, ip: 0
	 after i : 41, p: 4, r: 0
	 before i : 42, p: 4, r: 0, ip: 0
	 after i : 42, p: 4, r: 0
	 before i : 43, p: 4, r: 0, ip: 0
	 after i : 43, p: 4, r: 0
	 before i : 44, p: 4, r: 0, ip: 4
    d : 28, q: 16, r: 4
	 before i : 0, p: 4, r: 4, ip: 0
	 before i : 1, p: 4, r: 4, ip: 0
	 before i : 2, p: 4, r: 4, ip: 0
	 before i : 3, p: 4, r: 4, ip: 0
	 before i : 4, p: 4, r: 4, ip: 4
	 after i : 4, p: 4, r: 4
	 before i : 5, p: 4, r: 4, ip: 4
	 after i : 5, p: 4, r: 4
	 before i : 6, p: 4, r: 4, ip: 4
	 after i : 6, p: 4, r: 4
	 before i : 7, p: 4, r: 4, ip: 4
	 after i : 7, p: 4, r: 4
	 before i : 8, p: 4, r: 4, ip: 0
	 before i : 9, p: 4, r: 4, ip: 0
	 before i : 10, p: 4, r: 4, ip: 0
	 before i : 11, p: 4, r: 4, ip: 0
	 before i : 12, p: 4, r: 4, ip: 4
	 after i : 12, p: 4, r: 4
	 before i : 13, p: 4, r: 4, ip: 4
	 after i : 13, p: 4, r: 4
	 before i : 14, p: 4, r: 4, ip: 4
	 after i : 14, p: 4, r: 4
	 before i : 15, p: 4, r: 4, ip: 4
	 after i : 15, p: 4, r: 4
	 before i : 16, p: 4, r: 4, ip: 0
	 before i : 17, p: 4, r: 4, ip: 0
	 before i : 18, p: 4, r: 4, ip: 0
	 before i : 19, p: 4, r: 4, ip: 0
	 before i : 20, p: 4, r: 4, ip: 4
	 after i : 20, p: 4, r: 4
    d : 12, q: 8, r: 4
	 before i : 0, p: 4, r: 4, ip: 0
	 before i : 1, p: 4, r: 4, ip: 0
	 before i : 2, p: 4, r: 4, ip: 0
	 before i : 3, p: 4, r: 4, ip: 0
	 before i : 4, p: 4, r: 4, ip: 4
	 after i : 4, p: 4, r: 4
	 before i : 5, p: 4, r: 4, ip: 4
	 after i : 5, p: 4, r: 4
	 before i : 6, p: 4, r: 4, ip: 4
	 after i : 6, p: 4, r: 4
	 before i : 7, p: 4, r: 4, ip: 4
	 after i : 7, p: 4, r: 4
	 before i : 8, p: 4, r: 4, ip: 0
	 before i : 9, p: 4, r: 4, ip: 0
	 before i : 10, p: 4, r: 4, ip: 0
	 before i : 11, p: 4, r: 4, ip: 0
	 before i : 12, p: 4, r: 4, ip: 4
	 after i : 12, p: 4, r: 4
	 before i : 13, p: 4, r: 4, ip: 4
	 after i : 13, p: 4, r: 4
	 before i : 14, p: 4, r: 4, ip: 4
	 after i : 14, p: 4, r: 4
	 before i : 15, p: 4, r: 4, ip: 4
	 after i : 15, p: 4, r: 4
	 before i : 16, p: 4, r: 4, ip: 0
	 before i : 17, p: 4, r: 4, ip: 0
	 before i : 18, p: 4, r: 4, ip: 0
	 before i : 19, p: 4, r: 4, ip: 0
	 before i : 20, p: 4, r: 4, ip: 4
	 after i : 20, p: 4, r: 4
	 before i : 21, p: 4, r: 4, ip: 4
	 after i : 21, p: 4, r: 4
	 before i : 22, p: 4, r: 4, ip: 4
	 after i : 22, p: 4, r: 4
	 before i : 23, p: 4, r: 4, ip: 4
	 after i : 23, p: 4, r: 4
	 before i : 24, p: 4, r: 4, ip: 0
	 before i : 25, p: 4, r: 4, ip: 0
	 before i : 26, p: 4, r: 4, ip: 0
	 before i : 27, p: 4, r: 4, ip: 0
	 before i : 28, p: 4, r: 4, ip: 4
	 after i : 28, p: 4, r: 4
	 before i : 29, p: 4, r: 4, ip: 4
	 after i : 29, p: 4, r: 4
	 before i : 30, p: 4, r: 4, ip: 4
	 after i : 30, p: 4, r: 4
	 before i : 31, p: 4, r: 4, ip: 4
	 after i : 31, p: 4, r: 4
	 before i : 32, p: 4, r: 4, ip: 0
	 before i : 33, p: 4, r: 4, ip: 0
	 before i : 34, p: 4, r: 4, ip: 0
	 before i : 35, p: 4, r: 4, ip: 0
	 before i : 36, p: 4, r: 4, ip: 4
	 after i : 36, p: 4, r: 4
    d : 4, q: 4, r: 4
	 before i : 0, p: 4, r: 4, ip: 0
	 before i : 1, p: 4, r: 4, ip: 0
	 before i : 2, p: 4, r: 4, ip: 0
	 before i : 3, p: 4, r: 4, ip: 0
	 before i : 4, p: 4, r: 4, ip: 4
	 after i : 4, p: 4, r: 4
	 before i : 5, p: 4, r: 4, ip: 4
	 after i : 5, p: 4, r: 4
	 before i : 6, p: 4, r: 4, ip: 4
	 after i : 6, p: 4, r: 4
	 before i : 7, p: 4, r: 4, ip: 4
	 after i : 7, p: 4, r: 4
	 before i : 8, p: 4, r: 4, ip: 0
	 before i : 9, p: 4, r: 4, ip: 0
	 before i : 10, p: 4, r: 4, ip: 0
	 before i : 11, p: 4, r: 4, ip: 0
	 before i : 12, p: 4, r: 4, ip: 4
	 after i : 12, p: 4, r: 4
	 before i : 13, p: 4, r: 4, ip: 4
	 after i : 13, p: 4, r: 4
	 before i : 14, p: 4, r: 4, ip: 4
	 after i : 14, p: 4, r: 4
	 before i : 15, p: 4, r: 4, ip: 4
	 after i : 15, p: 4, r: 4
	 before i : 16, p: 4, r: 4, ip: 0
	 before i : 17, p: 4, r: 4, ip: 0
	 before i : 18, p: 4, r: 4, ip: 0
	 before i : 19, p: 4, r: 4, ip: 0
	 before i : 20, p: 4, r: 4, ip: 4
	 after i : 20, p: 4, r: 4
	 before i : 21, p: 4, r: 4, ip: 4
	 after i : 21, p: 4, r: 4
	 before i : 22, p: 4, r: 4, ip: 4
	 after i : 22, p: 4, r: 4
	 before i : 23, p: 4, r: 4, ip: 4
	 after i : 23, p: 4, r: 4
	 before i : 24, p: 4, r: 4, ip: 0
	 before i : 25, p: 4, r: 4, ip: 0
	 before i : 26, p: 4, r: 4, ip: 0
	 before i : 27, p: 4, r: 4, ip: 0
	 before i : 28, p: 4, r: 4, ip: 4
	 after i : 28, p: 4, r: 4
	 before i : 29, p: 4, r: 4, ip: 4
	 after i : 29, p: 4, r: 4
	 before i : 30, p: 4, r: 4, ip: 4
	 after i : 30, p: 4, r: 4
	 before i : 31, p: 4, r: 4, ip: 4
	 after i : 31, p: 4, r: 4
	 before i : 32, p: 4, r: 4, ip: 0
	 before i : 33, p: 4, r: 4, ip: 0
	 before i : 34, p: 4, r: 4, ip: 0
	 before i : 35, p: 4, r: 4, ip: 0
	 before i : 36, p: 4, r: 4, ip: 4
	 after i : 36, p: 4, r: 4
	 before i : 37, p: 4, r: 4, ip: 4
	 after i : 37, p: 4, r: 4
	 before i : 38, p: 4, r: 4, ip: 4
	 after i : 38, p: 4, r: 4
	 before i : 39, p: 4, r: 4, ip: 4
	 after i : 39, p: 4, r: 4
	 before i : 40, p: 4, r: 4, ip: 0
	 before i : 41, p: 4, r: 4, ip: 0
	 before i : 42, p: 4, r: 4, ip: 0
	 before i : 43, p: 4, r: 4, ip: 0
	 before i : 44, p: 4, r: 4, ip: 4
	 after i : 44, p: 4, r: 4
    d : 0, q: 2, r: 4
  q : 2, r: 4, d: 0, p : 2
	 before i : 0, p: 2, r: 0, ip: 0
	 after i : 0, p: 2, r: 0
	 before i : 1, p: 2, r: 0, ip: 0
	 after i : 1, p: 2, r: 0
	 before i : 2, p: 2, r: 0, ip: 2
	 before i : 3, p: 2, r: 0, ip: 2
	 before i : 4, p: 2, r: 0, ip: 0
	 after i : 4, p: 2, r: 0
	 before i : 5, p: 2, r: 0, ip: 0
	 after i : 5, p: 2, r: 0
	 before i : 6, p: 2, r: 0, ip: 2
	 before i : 7, p: 2, r: 0, ip: 2
	 before i : 8, p: 2, r: 0, ip: 0
	 after i : 8, p: 2, r: 0
	 before i : 9, p: 2, r: 0, ip: 0
	 after i : 9, p: 2, r: 0
	 before i : 10, p: 2, r: 0, ip: 2
	 before i : 11, p: 2, r: 0, ip: 2
	 before i : 12, p: 2, r: 0, ip: 0
	 after i : 12, p: 2, r: 0
	 before i : 13, p: 2, r: 0, ip: 0
	 after i : 13, p: 2, r: 0
	 before i : 14, p: 2, r: 0, ip: 2
	 before i : 15, p: 2, r: 0, ip: 2
	 before i : 16, p: 2, r: 0, ip: 0
	 after i : 16, p: 2, r: 0
	 before i : 17, p: 2, r: 0, ip: 0
	 after i : 17, p: 2, r: 0
	 before i : 18, p: 2, r: 0, ip: 2
	 before i : 19, p: 2, r: 0, ip: 2
	 before i : 20, p: 2, r: 0, ip: 0
	 after i : 20, p: 2, r: 0
	 before i : 21, p: 2, r: 0, ip: 0
	 after i : 21, p: 2, r: 0
	 before i : 22, p: 2, r: 0, ip: 2
	 before i : 23, p: 2, r: 0, ip: 2
	 before i : 24, p: 2, r: 0, ip: 0
	 after i : 24, p: 2, r: 0
	 before i : 25, p: 2, r: 0, ip: 0
	 after i : 25, p: 2, r: 0
	 before i : 26, p: 2, r: 0, ip: 2
	 before i : 27, p: 2, r: 0, ip: 2
	 before i : 28, p: 2, r: 0, ip: 0
	 after i : 28, p: 2, r: 0
	 before i : 29, p: 2, r: 0, ip: 0
	 after i : 29, p: 2, r: 0
	 before i : 30, p: 2, r: 0, ip: 2
	 before i : 31, p: 2, r: 0, ip: 2
	 before i : 32, p: 2, r: 0, ip: 0
	 after i : 32, p: 2, r: 0
	 before i : 33, p: 2, r: 0, ip: 0
	 after i : 33, p: 2, r: 0
	 before i : 34, p: 2, r: 0, ip: 2
	 before i : 35, p: 2, r: 0, ip: 2
	 before i : 36, p: 2, r: 0, ip: 0
	 after i : 36, p: 2, r: 0
	 before i : 37, p: 2, r: 0, ip: 0
	 after i : 37, p: 2, r: 0
	 before i : 38, p: 2, r: 0, ip: 2
	 before i : 39, p: 2, r: 0, ip: 2
	 before i : 40, p: 2, r: 0, ip: 0
	 after i : 40, p: 2, r: 0
	 before i : 41, p: 2, r: 0, ip: 0
	 after i : 41, p: 2, r: 0
	 before i : 42, p: 2, r: 0, ip: 2
	 before i : 43, p: 2, r: 0, ip: 2
	 before i : 44, p: 2, r: 0, ip: 0
	 after i : 44, p: 2, r: 0
	 before i : 45, p: 2, r: 0, ip: 0
	 after i : 45, p: 2, r: 0
	 before i : 46, p: 2, r: 0, ip: 2
    d : 30, q: 16, r: 2
	 before i : 0, p: 2, r: 2, ip: 0
	 before i : 1, p: 2, r: 2, ip: 0
	 before i : 2, p: 2, r: 2, ip: 2
	 after i : 2, p: 2, r: 2
	 before i : 3, p: 2, r: 2, ip: 2
	 after i : 3, p: 2, r: 2
	 before i : 4, p: 2, r: 2, ip: 0
	 before i : 5, p: 2, r: 2, ip: 0
	 before i : 6, p: 2, r: 2, ip: 2
	 after i : 6, p: 2, r: 2
	 before i : 7, p: 2, r: 2, ip: 2
	 after i : 7, p: 2, r: 2
	 before i : 8, p: 2, r: 2, ip: 0
	 before i : 9, p: 2, r: 2, ip: 0
	 before i : 10, p: 2, r: 2, ip: 2
	 after i : 10, p: 2, r: 2
	 before i : 11, p: 2, r: 2, ip: 2
	 after i : 11, p: 2, r: 2
	 before i : 12, p: 2, r: 2, ip: 0
	 before i : 13, p: 2, r: 2, ip: 0
	 before i : 14, p: 2, r: 2, ip: 2
	 after i : 14, p: 2, r: 2
	 before i : 15, p: 2, r: 2, ip: 2
	 after i : 15, p: 2, r: 2
	 before i : 16, p: 2, r: 2, ip: 0
	 before i : 17, p: 2, r: 2, ip: 0
	 before i : 18, p: 2, r: 2, ip: 2
	 after i : 18, p: 2, r: 2
    d : 14, q: 8, r: 2
	 before i : 0, p: 2, r: 2, ip: 0
	 before i : 1, p: 2, r: 2, ip: 0
	 before i : 2, p: 2, r: 2, ip: 2
	 after i : 2, p: 2, r: 2
	 before i : 3, p: 2, r: 2, ip: 2
	 after i : 3, p: 2, r: 2
	 before i : 4, p: 2, r: 2, ip: 0
	 before i : 5, p: 2, r: 2, ip: 0
	 before i : 6, p: 2, r: 2, ip: 2
	 after i : 6, p: 2, r: 2
	 before i : 7, p: 2, r: 2, ip: 2
	 after i : 7, p: 2, r: 2
	 before i : 8, p: 2, r: 2, ip: 0
	 before i : 9, p: 2, r: 2, ip: 0
	 before i : 10, p: 2, r: 2, ip: 2
	 after i : 10, p: 2, r: 2
	 before i : 11, p: 2, r: 2, ip: 2
	 after i : 11, p: 2, r: 2
	 before i : 12, p: 2, r: 2, ip: 0
	 before i : 13, p: 2, r: 2, ip: 0
	 before i : 14, p: 2, r: 2, ip: 2
	 after i : 14, p: 2, r: 2
	 before i : 15, p: 2, r: 2, ip: 2
	 after i : 15, p: 2, r: 2
	 before i : 16, p: 2, r: 2, ip: 0
	 before i : 17, p: 2, r: 2, ip: 0
	 before i : 18, p: 2, r: 2, ip: 2
	 after i : 18, p: 2, r: 2
	 before i : 19, p: 2, r: 2, ip: 2
	 after i : 19, p: 2, r: 2
	 before i : 20, p: 2, r: 2, ip: 0
	 before i : 21, p: 2, r: 2, ip: 0
	 before i : 22, p: 2, r: 2, ip: 2
	 after i : 22, p: 2, r: 2
	 before i : 23, p: 2, r: 2, ip: 2
	 after i : 23, p: 2, r: 2
	 before i : 24, p: 2, r: 2, ip: 0
	 before i : 25, p: 2, r: 2, ip: 0
	 before i : 26, p: 2, r: 2, ip: 2
	 after i : 26, p: 2, r: 2
	 before i : 27, p: 2, r: 2, ip: 2
	 after i : 27, p: 2, r: 2
	 before i : 28, p: 2, r: 2, ip: 0
	 before i : 29, p: 2, r: 2, ip: 0
	 before i : 30, p: 2, r: 2, ip: 2
	 after i : 30, p: 2, r: 2
	 before i : 31, p: 2, r: 2, ip: 2
	 after i : 31, p: 2, r: 2
	 before i : 32, p: 2, r: 2, ip: 0
	 before i : 33, p: 2, r: 2, ip: 0
	 before i : 34, p: 2, r: 2, ip: 2
	 after i : 34, p: 2, r: 2
    d : 6, q: 4, r: 2
	 before i : 0, p: 2, r: 2, ip: 0
	 before i : 1, p: 2, r: 2, ip: 0
	 before i : 2, p: 2, r: 2, ip: 2
	 after i : 2, p: 2, r: 2
	 before i : 3, p: 2, r: 2, ip: 2
	 after i : 3, p: 2, r: 2
	 before i : 4, p: 2, r: 2, ip: 0
	 before i : 5, p: 2, r: 2, ip: 0
	 before i : 6, p: 2, r: 2, ip: 2
	 after i : 6, p: 2, r: 2
	 before i : 7, p: 2, r: 2, ip: 2
	 after i : 7, p: 2, r: 2
	 before i : 8, p: 2, r: 2, ip: 0
	 before i : 9, p: 2, r: 2, ip: 0
	 before i : 10, p: 2, r: 2, ip: 2
	 after i : 10, p: 2, r: 2
	 before i : 11, p: 2, r: 2, ip: 2
	 after i : 11, p: 2, r: 2
	 before i : 12, p: 2, r: 2, ip: 0
	 before i : 13, p: 2, r: 2, ip: 0
	 before i : 14, p: 2, r: 2, ip: 2
	 after i : 14, p: 2, r: 2
	 before i : 15, p: 2, r: 2, ip: 2
	 after i : 15, p: 2, r: 2
	 before i : 16, p: 2, r: 2, ip: 0
	 before i : 17, p: 2, r: 2, ip: 0
	 before i : 18, p: 2, r: 2, ip: 2
	 after i : 18, p: 2, r: 2
	 before i : 19, p: 2, r: 2, ip: 2
	 after i : 19, p: 2, r: 2
	 before i : 20, p: 2, r: 2, ip: 0
	 before i : 21, p: 2, r: 2, ip: 0
	 before i : 22, p: 2, r: 2, ip: 2
	 after i : 22, p: 2, r: 2
	 before i : 23, p: 2, r: 2, ip: 2
	 after i : 23, p: 2, r: 2
	 before i : 24, p: 2, r: 2, ip: 0
	 before i : 25, p: 2, r: 2, ip: 0
	 before i : 26, p: 2, r: 2, ip: 2
	 after i : 26, p: 2, r: 2
	 before i : 27, p: 2, r: 2, ip: 2
	 after i : 27, p: 2, r: 2
	 before i : 28, p: 2, r: 2, ip: 0
	 before i : 29, p: 2, r: 2, ip: 0
	 before i : 30, p: 2, r: 2, ip: 2
	 after i : 30, p: 2, r: 2
	 before i : 31, p: 2, r: 2, ip: 2
	 after i : 31, p: 2, r: 2
	 before i : 32, p: 2, r: 2, ip: 0
	 before i : 33, p: 2, r: 2, ip: 0
	 before i : 34, p: 2, r: 2, ip: 2
	 after i : 34, p: 2, r: 2
	 before i : 35, p: 2, r: 2, ip: 2
	 after i : 35, p: 2, r: 2
	 before i : 36, p: 2, r: 2, ip: 0
	 before i : 37, p: 2, r: 2, ip: 0
	 before i : 38, p: 2, r: 2, ip: 2
	 after i : 38, p: 2, r: 2
	 before i : 39, p: 2, r: 2, ip: 2
	 after i : 39, p: 2, r: 2
	 before i : 40, p: 2, r: 2, ip: 0
	 before i : 41, p: 2, r: 2, ip: 0
	 before i : 42, p: 2, r: 2, ip: 2
	 after i : 42, p: 2, r: 2
    d : 2, q: 2, r: 2
	 before i : 0, p: 2, r: 2, ip: 0
	 before i : 1, p: 2, r: 2, ip: 0
	 before i : 2, p: 2, r: 2, ip: 2
	 after i : 2, p: 2, r: 2
	 before i : 3, p: 2, r: 2, ip: 2
	 after i : 3, p: 2, r: 2
	 before i : 4, p: 2, r: 2, ip: 0
	 before i : 5, p: 2, r: 2, ip: 0
	 before i : 6, p: 2, r: 2, ip: 2
	 after i : 6, p: 2, r: 2
	 before i : 7, p: 2, r: 2, ip: 2
	 after i : 7, p: 2, r: 2
	 before i : 8, p: 2, r: 2, ip: 0
	 before i : 9, p: 2, r: 2, ip: 0
	 before i : 10, p: 2, r: 2, ip: 2
	 after i : 10, p: 2, r: 2
	 before i : 11, p: 2, r: 2, ip: 2
	 after i : 11, p: 2, r: 2
	 before i : 12, p: 2, r: 2, ip: 0
	 before i : 13, p: 2, r: 2, ip: 0
	 before i : 14, p: 2, r: 2, ip: 2
	 after i : 14, p: 2, r: 2
	 before i : 15, p: 2, r: 2, ip: 2
	 after i : 15, p: 2, r: 2
	 before i : 16, p: 2, r: 2, ip: 0
	 before i : 17, p: 2, r: 2, ip: 0
	 before i : 18, p: 2, r: 2, ip: 2
	 after i : 18, p: 2, r: 2
	 before i : 19, p: 2, r: 2, ip: 2
	 after i : 19, p: 2, r: 2
	 before i : 20, p: 2, r: 2, ip: 0
	 before i : 21, p: 2, r: 2, ip: 0
	 before i : 22, p: 2, r: 2, ip: 2
	 after i : 22, p: 2, r: 2
	 before i : 23, p: 2, r: 2, ip: 2
	 after i : 23, p: 2, r: 2
	 before i : 24, p: 2, r: 2, ip: 0
	 before i : 25, p: 2, r: 2, ip: 0
	 before i : 26, p: 2, r: 2, ip: 2
	 after i : 26, p: 2, r: 2
	 before i : 27, p: 2, r: 2, ip: 2
	 after i : 27, p: 2, r: 2
	 before i : 28, p: 2, r: 2, ip: 0
	 before i : 29, p: 2, r: 2, ip: 0
	 before i : 30, p: 2, r: 2, ip: 2
	 after i : 30, p: 2, r: 2
	 before i : 31, p: 2, r: 2, ip: 2
	 after i : 31, p: 2, r: 2
	 before i : 32, p: 2, r: 2, ip: 0
	 before i : 33, p: 2, r: 2, ip: 0
	 before i : 34, p: 2, r: 2, ip: 2
	 after i : 34, p: 2, r: 2
	 before i : 35, p: 2, r: 2, ip: 2
	 after i : 35, p: 2, r: 2
	 before i : 36, p: 2, r: 2, ip: 0
	 before i : 37, p: 2, r: 2, ip: 0
	 before i : 38, p: 2, r: 2, ip: 2
	 after i : 38, p: 2, r: 2
	 before i : 39, p: 2, r: 2, ip: 2
	 after i : 39, p: 2, r: 2
	 before i : 40, p: 2, r: 2, ip: 0
	 before i : 41, p: 2, r: 2, ip: 0
	 before i : 42, p: 2, r: 2, ip: 2
	 after i : 42, p: 2, r: 2
	 before i : 43, p: 2, r: 2, ip: 2
	 after i : 43, p: 2, r: 2
	 before i : 44, p: 2, r: 2, ip: 0
	 before i : 45, p: 2, r: 2, ip: 0
	 before i : 46, p: 2, r: 2, ip: 2
	 after i : 46, p: 2, r: 2
    d : 0, q: 1, r: 2
  q : 1, r: 2, d: 0, p : 1
	 before i : 0, p: 1, r: 0, ip: 0
	 after i : 0, p: 1, r: 0
	 before i : 1, p: 1, r: 0, ip: 1
	 before i : 2, p: 1, r: 0, ip: 0
	 after i : 2, p: 1, r: 0
	 before i : 3, p: 1, r: 0, ip: 1
	 before i : 4, p: 1, r: 0, ip: 0
	 after i : 4, p: 1, r: 0
	 before i : 5, p: 1, r: 0, ip: 1
	 before i : 6, p: 1, r: 0, ip: 0
	 after i : 6, p: 1, r: 0
	 before i : 7, p: 1, r: 0, ip: 1
	 before i : 8, p: 1, r: 0, ip: 0
	 after i : 8, p: 1, r: 0
	 before i : 9, p: 1, r: 0, ip: 1
	 before i : 10, p: 1, r: 0, ip: 0
	 after i : 10, p: 1, r: 0
	 before i : 11, p: 1, r: 0, ip: 1
	 before i : 12, p: 1, r: 0, ip: 0
	 after i : 12, p: 1, r: 0
	 before i : 13, p: 1, r: 0, ip: 1
	 before i : 14, p: 1, r: 0, ip: 0
	 after i : 14, p: 1, r: 0
	 before i : 15, p: 1, r: 0, ip: 1
	 before i : 16, p: 1, r: 0, ip: 0
	 after i : 16, p: 1, r: 0
	 before i : 17, p: 1, r: 0, ip: 1
	 before i : 18, p: 1, r: 0, ip: 0
	 after i : 18, p: 1, r: 0
	 before i : 19, p: 1, r: 0, ip: 1
	 before i : 20, p: 1, r: 0, ip: 0
	 after i : 20, p: 1, r: 0
	 before i : 21, p: 1, r: 0, ip: 1
	 before i : 22, p: 1, r: 0, ip: 0
	 after i : 22, p: 1, r: 0
	 before i : 23, p: 1, r: 0, ip: 1
	 before i : 24, p: 1, r: 0, ip: 0
	 after i : 24, p: 1, r: 0
	 before i : 25, p: 1, r: 0, ip: 1
	 before i : 26, p: 1, r: 0, ip: 0
	 after i : 26, p: 1, r: 0
	 before i : 27, p: 1, r: 0, ip: 1
	 before i : 28, p: 1, r: 0, ip: 0
	 after i : 28, p: 1, r: 0
	 before i : 29, p: 1, r: 0, ip: 1
	 before i : 30, p: 1, r: 0, ip: 0
	 after i : 30, p: 1, r: 0
	 before i : 31, p: 1, r: 0, ip: 1
	 before i : 32, p: 1, r: 0, ip: 0
	 after i : 32, p: 1, r: 0
	 before i : 33, p: 1, r: 0, ip: 1
	 before i : 34, p: 1, r: 0, ip: 0
	 after i : 34, p: 1, r: 0
	 before i : 35, p: 1, r: 0, ip: 1
	 before i : 36, p: 1, r: 0, ip: 0
	 after i : 36, p: 1, r: 0
	 before i : 37, p: 1, r: 0, ip: 1
	 before i : 38, p: 1, r: 0, ip: 0
	 after i : 38, p: 1, r: 0
	 before i : 39, p: 1, r: 0, ip: 1
	 before i : 40, p: 1, r: 0, ip: 0
	 after i : 40, p: 1, r: 0
	 before i : 41, p: 1, r: 0, ip: 1
	 before i : 42, p: 1, r: 0, ip: 0
	 after i : 42, p: 1, r: 0
	 before i : 43, p: 1, r: 0, ip: 1
	 before i : 44, p: 1, r: 0, ip: 0
	 after i : 44, p: 1, r: 0
	 before i : 45, p: 1, r: 0, ip: 1
	 before i : 46, p: 1, r: 0, ip: 0
	 after i : 46, p: 1, r: 0
	 before i : 47, p: 1, r: 0, ip: 1
    d : 31, q: 16, r: 1
	 before i : 0, p: 1, r: 1, ip: 0
	 before i : 1, p: 1, r: 1, ip: 1
	 after i : 1, p: 1, r: 1
	 before i : 2, p: 1, r: 1, ip: 0
	 before i : 3, p: 1, r: 1, ip: 1
	 after i : 3, p: 1, r: 1
	 before i : 4, p: 1, r: 1, ip: 0
	 before i : 5, p: 1, r: 1, ip: 1
	 after i : 5, p: 1, r: 1
	 before i : 6, p: 1, r: 1, ip: 0
	 before i : 7, p: 1, r: 1, ip: 1
	 after i : 7, p: 1, r: 1
	 before i : 8, p: 1, r: 1, ip: 0
	 before i : 9, p: 1, r: 1, ip: 1
	 after i : 9, p: 1, r: 1
	 before i : 10, p: 1, r: 1, ip: 0
	 before i : 11, p: 1, r: 1, ip: 1
	 after i : 11, p: 1, r: 1
	 before i : 12, p: 1, r: 1, ip: 0
	 before i : 13, p: 1, r: 1, ip: 1
	 after i : 13, p: 1, r: 1
	 before i : 14, p: 1, r: 1, ip: 0
	 before i : 15, p: 1, r: 1, ip: 1
	 after i : 15, p: 1, r: 1
	 before i : 16, p: 1, r: 1, ip: 0
	 before i : 17, p: 1, r: 1, ip: 1
	 after i : 17, p: 1, r: 1
    d : 15, q: 8, r: 1
	 before i : 0, p: 1, r: 1, ip: 0
	 before i : 1, p: 1, r: 1, ip: 1
	 after i : 1, p: 1, r: 1
	 before i : 2, p: 1, r: 1, ip: 0
	 before i : 3, p: 1, r: 1, ip: 1
	 after i : 3, p: 1, r: 1
	 before i : 4, p: 1, r: 1, ip: 0
	 before i : 5, p: 1, r: 1, ip: 1
	 after i : 5, p: 1, r: 1
	 before i : 6, p: 1, r: 1, ip: 0
	 before i : 7, p: 1, r: 1, ip: 1
	 after i : 7, p: 1, r: 1
	 before i : 8, p: 1, r: 1, ip: 0
	 before i : 9, p: 1, r: 1, ip: 1
	 after i : 9, p: 1, r: 1
	 before i : 10, p: 1, r: 1, ip: 0
	 before i : 11, p: 1, r: 1, ip: 1
	 after i : 11, p: 1, r: 1
	 before i : 12, p: 1, r: 1, ip: 0
	 before i : 13, p: 1, r: 1, ip: 1
	 after i : 13, p: 1, r: 1
	 before i : 14, p: 1, r: 1, ip: 0
	 before i : 15, p: 1, r: 1, ip: 1
	 after i : 15, p: 1, r: 1
	 before i : 16, p: 1, r: 1, ip: 0
	 before i : 17, p: 1, r: 1, ip: 1
	 after i : 17, p: 1, r: 1
	 before i : 18, p: 1, r: 1, ip: 0
	 before i : 19, p: 1, r: 1, ip: 1
	 after i : 19, p: 1, r: 1
	 before i : 20, p: 1, r: 1, ip: 0
	 before i : 21, p: 1, r: 1, ip: 1
	 after i : 21, p: 1, r: 1
	 before i : 22, p: 1, r: 1, ip: 0
	 before i : 23, p: 1, r: 1, ip: 1
	 after i : 23, p: 1, r: 1
	 before i : 24, p: 1, r: 1, ip: 0
	 before i : 25, p: 1, r: 1, ip: 1
	 after i : 25, p: 1, r: 1
	 before i : 26, p: 1, r: 1, ip: 0
	 before i : 27, p: 1, r: 1, ip: 1
	 after i : 27, p: 1, r: 1
	 before i : 28, p: 1, r: 1, ip: 0
	 before i : 29, p: 1, r: 1, ip: 1
	 after i : 29, p: 1, r: 1
	 before i : 30, p: 1, r: 1, ip: 0
	 before i : 31, p: 1, r: 1, ip: 1
	 after i : 31, p: 1, r: 1
	 before i : 32, p: 1, r: 1, ip: 0
	 before i : 33, p: 1, r: 1, ip: 1
	 after i : 33, p: 1, r: 1
    d : 7, q: 4, r: 1
	 before i : 0, p: 1, r: 1, ip: 0
	 before i : 1, p: 1, r: 1, ip: 1
	 after i : 1, p: 1, r: 1
	 before i : 2, p: 1, r: 1, ip: 0
	 before i : 3, p: 1, r: 1, ip: 1
	 after i : 3, p: 1, r: 1
	 before i : 4, p: 1, r: 1, ip: 0
	 before i : 5, p: 1, r: 1, ip: 1
	 after i : 5, p: 1, r: 1
	 before i : 6, p: 1, r: 1, ip: 0
	 before i : 7, p: 1, r: 1, ip: 1
	 after i : 7, p: 1, r: 1
	 before i : 8, p: 1, r: 1, ip: 0
	 before i : 9, p: 1, r: 1, ip: 1
	 after i : 9, p: 1, r: 1
	 before i : 10, p: 1, r: 1, ip: 0
	 before i : 11, p: 1, r: 1, ip: 1
	 after i : 11, p: 1, r: 1
	 before i : 12, p: 1, r: 1, ip: 0
	 before i : 13, p: 1, r: 1, ip: 1
	 after i : 13, p: 1, r: 1
	 before i : 14, p: 1, r: 1, ip: 0
	 before i : 15, p: 1, r: 1, ip: 1
	 after i : 15, p: 1, r: 1
	 before i : 16, p: 1, r: 1, ip: 0
	 before i : 17, p: 1, r: 1, ip: 1
	 after i : 17, p: 1, r: 1
	 before i : 18, p: 1, r: 1, ip: 0
	 before i : 19, p: 1, r: 1, ip: 1
	 after i : 19, p: 1, r: 1
	 before i : 20, p: 1, r: 1, ip: 0
	 before i : 21, p: 1, r: 1, ip: 1
	 after i : 21, p: 1, r: 1
	 before i : 22, p: 1, r: 1, ip: 0
	 before i : 23, p: 1, r: 1, ip: 1
	 after i : 23, p: 1, r: 1
	 before i : 24, p: 1, r: 1, ip: 0
	 before i : 25, p: 1, r: 1, ip: 1
	 after i : 25, p: 1, r: 1
	 before i : 26, p: 1, r: 1, ip: 0
	 before i : 27, p: 1, r: 1, ip: 1
	 after i : 27, p: 1, r: 1
	 before i : 28, p: 1, r: 1, ip: 0
	 before i : 29, p: 1, r: 1, ip: 1
	 after i : 29, p: 1, r: 1
	 before i : 30, p: 1, r: 1, ip: 0
	 before i : 31, p: 1, r: 1, ip: 1
	 after i : 31, p: 1, r: 1
	 before i : 32, p: 1, r: 1, ip: 0
	 before i : 33, p: 1, r: 1, ip: 1
	 after i : 33, p: 1, r: 1
	 before i : 34, p: 1, r: 1, ip: 0
	 before i : 35, p: 1, r: 1, ip: 1
	 after i : 35, p: 1, r: 1
	 before i : 36, p: 1, r: 1, ip: 0
	 before i : 37, p: 1, r: 1, ip: 1
	 after i : 37, p: 1, r: 1
	 before i : 38, p: 1, r: 1, ip: 0
	 before i : 39, p: 1, r: 1, ip: 1
	 after i : 39, p: 1, r: 1
	 before i : 40, p: 1, r: 1, ip: 0
	 before i : 41, p: 1, r: 1, ip: 1
	 after i : 41, p: 1, r: 1
    d : 3, q: 2, r: 1
	 before i : 0, p: 1, r: 1, ip: 0
	 before i : 1, p: 1, r: 1, ip: 1
	 after i : 1, p: 1, r: 1
	 before i : 2, p: 1, r: 1, ip: 0
	 before i : 3, p: 1, r: 1, ip: 1
	 after i : 3, p: 1, r: 1
	 before i : 4, p: 1, r: 1, ip: 0
	 before i : 5, p: 1, r: 1, ip: 1
	 after i : 5, p: 1, r: 1
	 before i : 6, p: 1, r: 1, ip: 0
	 before i : 7, p: 1, r: 1, ip: 1
	 after i : 7, p: 1, r: 1
	 before i : 8, p: 1, r: 1, ip: 0
	 before i : 9, p: 1, r: 1, ip: 1
	 after i : 9, p: 1, r: 1
	 before i : 10, p: 1, r: 1, ip: 0
	 before i : 11, p: 1, r: 1, ip: 1
	 after i : 11, p: 1, r: 1
	 before i : 12, p: 1, r: 1, ip: 0
	 before i : 13, p: 1, r: 1, ip: 1
	 after i : 13, p: 1, r: 1
	 before i : 14, p: 1, r: 1, ip: 0
	 before i : 15, p: 1, r: 1, ip: 1
	 after i : 15, p: 1, r: 1
	 before i : 16, p: 1, r: 1, ip: 0
	 before i : 17, p: 1, r: 1, ip: 1
	 after i : 17, p: 1, r: 1
	 before i : 18, p: 1, r: 1, ip: 0
	 before i : 19, p: 1, r: 1, ip: 1
	 after i : 19, p: 1, r: 1
	 before i : 20, p: 1, r: 1, ip: 0
	 before i : 21, p: 1, r: 1, ip: 1
	 after i : 21, p: 1, r: 1
	 before i : 22, p: 1, r: 1, ip: 0
	 before i : 23, p: 1, r: 1, ip: 1
	 after i : 23, p: 1, r: 1
	 before i : 24, p: 1, r: 1, ip: 0
	 before i : 25, p: 1, r: 1, ip: 1
	 after i : 25, p: 1, r: 1
	 before i : 26, p: 1, r: 1, ip: 0
	 before i : 27, p: 1, r: 1, ip: 1
	 after i : 27, p: 1, r: 1
	 before i : 28, p: 1, r: 1, ip: 0
	 before i : 29, p: 1, r: 1, ip: 1
	 after i : 29, p: 1, r: 1
	 before i : 30, p: 1, r: 1, ip: 0
	 before i : 31, p: 1, r: 1, ip: 1
	 after i : 31, p: 1, r: 1
	 before i : 32, p: 1, r: 1, ip: 0
	 before i : 33, p: 1, r: 1, ip: 1
	 after i : 33, p: 1, r: 1
	 before i : 34, p: 1, r: 1, ip: 0
	 before i : 35, p: 1, r: 1, ip: 1
	 after i : 35, p: 1, r: 1
	 before i : 36, p: 1, r: 1, ip: 0
	 before i : 37, p: 1, r: 1, ip: 1
	 after i : 37, p: 1, r: 1
	 before i : 38, p: 1, r: 1, ip: 0
	 before i : 39, p: 1, r: 1, ip: 1
	 after i : 39, p: 1, r: 1
	 before i : 40, p: 1, r: 1, ip: 0
	 before i : 41, p: 1, r: 1, ip: 1
	 after i : 41, p: 1, r: 1
	 before i : 42, p: 1, r: 1, ip: 0
	 before i : 43, p: 1, r: 1, ip: 1
	 after i : 43, p: 1, r: 1
	 before i : 44, p: 1, r: 1, ip: 0
	 before i : 45, p: 1, r: 1, ip: 1
	 after i : 45, p: 1, r: 1
    d : 1, q: 1, r: 1
	 before i : 0, p: 1, r: 1, ip: 0
	 before i : 1, p: 1, r: 1, ip: 1
	 after i : 1, p: 1, r: 1
	 before i : 2, p: 1, r: 1, ip: 0
	 before i : 3, p: 1, r: 1, ip: 1
	 after i : 3, p: 1, r: 1
	 before i : 4, p: 1, r: 1, ip: 0
	 before i : 5, p: 1, r: 1, ip: 1
	 after i : 5, p: 1, r: 1
	 before i : 6, p: 1, r: 1, ip: 0
	 before i : 7, p: 1, r: 1, ip: 1
	 after i : 7, p: 1, r: 1
	 before i : 8, p: 1, r: 1, ip: 0
	 before i : 9, p: 1, r: 1, ip: 1
	 after i : 9, p: 1, r: 1
	 before i : 10, p: 1, r: 1, ip: 0
	 before i : 11, p: 1, r: 1, ip: 1
	 after i : 11, p: 1, r: 1
	 before i : 12, p: 1, r: 1, ip: 0
	 before i : 13, p: 1, r: 1, ip: 1
	 after i : 13, p: 1, r: 1
	 before i : 14, p: 1, r: 1, ip: 0
	 before i : 15, p: 1, r: 1, ip: 1
	 after i : 15, p: 1, r: 1
	 before i : 16, p: 1, r: 1, ip: 0
	 before i : 17, p: 1, r: 1, ip: 1
	 after i : 17, p: 1, r: 1
	 before i : 18, p: 1, r: 1, ip: 0
	 before i : 19, p: 1, r: 1, ip: 1
	 after i : 19, p: 1, r: 1
	 before i : 20, p: 1, r: 1, ip: 0
	 before i : 21, p: 1, r: 1, ip: 1
	 after i : 21, p: 1, r: 1
	 before i : 22, p: 1, r: 1, ip: 0
	 before i : 23, p: 1, r: 1, ip: 1
	 after i : 23, p: 1, r: 1
	 before i : 24, p: 1, r: 1, ip: 0
	 before i : 25, p: 1, r: 1, ip: 1
	 after i : 25, p: 1, r: 1
	 before i : 26, p: 1, r: 1, ip: 0
	 before i : 27, p: 1, r: 1, ip: 1
	 after i : 27, p: 1, r: 1
	 before i : 28, p: 1, r: 1, ip: 0
	 before i : 29, p: 1, r: 1, ip: 1
	 after i : 29, p: 1, r: 1
	 before i : 30, p: 1, r: 1, ip: 0
	 before i : 31, p: 1, r: 1, ip: 1
	 after i : 31, p: 1, r: 1
	 before i : 32, p: 1, r: 1, ip: 0
	 before i : 33, p: 1, r: 1, ip: 1
	 after i : 33, p: 1, r: 1
	 before i : 34, p: 1, r: 1, ip: 0
	 before i : 35, p: 1, r: 1, ip: 1
	 after i : 35, p: 1, r: 1
	 before i : 36, p: 1, r: 1, ip: 0
	 before i : 37, p: 1, r: 1, ip: 1
	 after i : 37, p: 1, r: 1
	 before i : 38, p: 1, r: 1, ip: 0
	 before i : 39, p: 1, r: 1, ip: 1
	 after i : 39, p: 1, r: 1
	 before i : 40, p: 1, r: 1, ip: 0
	 before i : 41, p: 1, r: 1, ip: 1
	 after i : 41, p: 1, r: 1
	 before i : 42, p: 1, r: 1, ip: 0
	 before i : 43, p: 1, r: 1, ip: 1
	 after i : 43, p: 1, r: 1
	 before i : 44, p: 1, r: 1, ip: 0
	 before i : 45, p: 1, r: 1, ip: 1
	 after i : 45, p: 1, r: 1
	 before i : 46, p: 1, r: 1, ip: 0
	 before i : 47, p: 1, r: 1, ip: 1
	 after i : 47, p: 1, r: 1
    d : 0, q: 0, r: 1
  q : 0, r: 1, d: 0, p : 0
Data: TriggerCell::energy =88, TriggerCell::channel = 13
 TriggerCell::energy =87, TriggerCell::channel = 32
 TriggerCell::energy =87, TriggerCell::channel = 2
 TriggerCell::energy =87, TriggerCell::channel = 9
 TriggerCell::energy =87, TriggerCell::channel = 34
 TriggerCell::energy =86, TriggerCell::channel = 11
 TriggerCell::energy =86, TriggerCell::channel = 4
 TriggerCell::energy =86, TriggerCell::channel = 27
 TriggerCell::energy =86, TriggerCell::channel = 0
 TriggerCell::energy =86, TriggerCell::channel = 25
 TriggerCell::energy =86, TriggerCell::channel = 18
 TriggerCell::energy =86, TriggerCell::channel = 43
 TriggerCell::energy =85, TriggerCell::channel = 36
 TriggerCell::energy =85, TriggerCell::channel = 45
 TriggerCell::energy =85, TriggerCell::channel = 20
 TriggerCell::energy =85, TriggerCell::channel = 29
 TriggerCell::energy =85, TriggerCell::channel = 16
 TriggerCell::energy =85, TriggerCell::channel = 41
 TriggerCell::energy =73, TriggerCell::channel = 12
 TriggerCell::energy =65, TriggerCell::channel = 24
 TriggerCell::energy =65, TriggerCell::channel = 10
 TriggerCell::energy =64, TriggerCell::channel = 35
 TriggerCell::energy =64, TriggerCell::channel = 39
 TriggerCell::energy =64, TriggerCell::channel = 5
 TriggerCell::energy =64, TriggerCell::channel = 33
 TriggerCell::energy =64, TriggerCell::channel = 1
 TriggerCell::energy =63, TriggerCell::channel = 38
 TriggerCell::energy =63, TriggerCell::channel = 14
 TriggerCell::energy =63, TriggerCell::channel = 26
 TriggerCell::energy =63, TriggerCell::channel = 40
 TriggerCell::energy =62, TriggerCell::channel = 31
 TriggerCell::energy =62, TriggerCell::channel = 37
 TriggerCell::energy =62, TriggerCell::channel = 42
 TriggerCell::energy =62, TriggerCell::channel = 44
 TriggerCell::energy =62, TriggerCell::channel = 46
 TriggerCell::energy =62, TriggerCell::channel = 8
 TriggerCell::energy =61, TriggerCell::channel = 30
 TriggerCell::energy =61, TriggerCell::channel = 28
 TriggerCell::energy =60, TriggerCell::channel = 15
 TriggerCell::energy =60, TriggerCell::channel = 47
 TriggerCell::energy =60, TriggerCell::channel = 7
 TriggerCell::energy =60, TriggerCell::channel = 3
 TriggerCell::energy =60, TriggerCell::channel = 19
 TriggerCell::energy =59, TriggerCell::channel = 17
 TriggerCell::energy =59, TriggerCell::channel = 22
 TriggerCell::energy =58, TriggerCell::channel = 21
 TriggerCell::energy =58, TriggerCell::channel = 6
 TriggerCell::energy =56, TriggerCell::channel = 23
 TriggerCell::energy =0, TriggerCell::channel = 48

